w24k t=1 wall=0:39.43 rssKB=2288072
w24k t=2 wall=0:25.65 rssKB=1868280
w24k t=4 wall=0:16.22 rssKB=1933160
w24k t=8 wall=0:10.02 rssKB=2115288
w24k t=16 wall=0:07.38 rssKB=2154060
w24k t=32 wall=0:07.62 rssKB=2390428
w24k t=64 wall=0:07.10 rssKB=2479620
w24k OUTPUT IDENTICAL across all thread counts
hifi1x t=1 wall=0:54.59 rssKB=2089752
hifi1x t=2 wall=0:32.44 rssKB=1950156
hifi1x t=4 wall=0:21.02 rssKB=2080208
hifi1x t=8 wall=0:12.23 rssKB=2365580
hifi1x t=16 wall=0:09.39 rssKB=3076416
hifi1x t=32 wall=0:09.47 rssKB=3722236
hifi1x t=64 wall=0:09.73 rssKB=4359044
hifi1x OUTPUT IDENTICAL across all thread counts
hifi10x t=1 wall=7:20.27 rssKB=2036700
hifi10x t=2 wall=4:14.60 rssKB=2012424
hifi10x t=4 wall=2:17.15 rssKB=2088288
hifi10x t=8 wall=1:13.89 rssKB=2416868
hifi10x t=16 wall=0:42.41 rssKB=4635496
hifi10x t=32 wall=0:41.34 rssKB=7219224
hifi10x t=64 wall=0:42.07 rssKB=10023196
hifi10x OUTPUT IDENTICAL across all thread counts
TWOPASS DONE
