[2026-07-29 08:11:16] START tiny_rs1
[2026-07-29 08:11:16] END   tiny_rs1 rc=0 wall=0:00.40 rssKB=3100 paf=2709
[2026-07-29 08:11:16] START tiny_cpp
[2026-07-29 08:11:16] END   tiny_cpp rc=0 wall=0:00.09 rssKB=5152 paf=2709
[2026-07-29 08:11:16] START small_rs1
[2026-07-29 08:11:17] END   small_rs1 rc=0 wall=0:00.61 rssKB=138764 paf=21
[2026-07-29 08:11:17] START small_rs64
[2026-07-29 08:11:17] END   small_rs64 rc=0 wall=0:00.29 rssKB=138768 paf=0
[2026-07-29 08:11:17] START small_cpp
[2026-07-29 08:11:18] END   small_cpp rc=0 wall=0:00.77 rssKB=392076 paf=21
[2026-07-29 08:11:18] TIER small/tiny complete
[2026-07-29 08:11:18] START rs_1x
[2026-07-29 08:12:11] END   rs_1x rc=0 wall=0:53.05 rssKB=2413456 paf=241991
[2026-07-29 08:12:11] START rs_1x_nomemo
[2026-07-29 08:13:08] END   rs_1x_nomemo rc=0 wall=0:57.27 rssKB=2596112 paf=241991
[2026-07-29 08:13:08] START cpp_1x
[2026-07-29 08:14:56] END   cpp_1x rc=0 wall=1:48.16 rssKB=19765756 paf=241991
[2026-07-29 08:14:56] START rs_1x_t64
[2026-07-29 08:15:12] END   rs_1x_t64 rc=0 wall=0:15.53 rssKB=3927668 paf=0
[2026-07-29 08:15:13] CHECK 1x memo output IDENTICAL
[2026-07-29 08:15:13] TIER 1x complete
[2026-07-29 08:15:13] START rs_3x
[2026-07-29 08:17:30] END   rs_3x rc=0 wall=2:16.57 rssKB=2075912 paf=725892
[2026-07-29 08:17:30] START rs_3x_nomemo
[2026-07-29 08:20:00] END   rs_3x_nomemo rc=0 wall=2:29.61 rssKB=2660892 paf=725892
[2026-07-29 08:20:00] START cpp_3x
[2026-07-29 08:24:24] END   cpp_3x rc=0 wall=4:23.91 rssKB=19766012 paf=725892
[2026-07-29 08:24:24] START rs_3x_t64
[2026-07-29 08:24:48] END   rs_3x_t64 rc=0 wall=0:23.70 rssKB=4856540 paf=0
[2026-07-29 08:24:52] CHECK 3x memo output IDENTICAL
[2026-07-29 08:24:52] TIER 3x complete
[2026-07-29 08:24:52] START rs_10x
[2026-07-29 08:32:03] END   rs_10x rc=0 wall=7:10.56 rssKB=2275772 paf=2419796
[2026-07-29 08:32:03] START rs_10x_nomemo
[2026-07-29 08:39:54] END   rs_10x_nomemo rc=0 wall=7:50.74 rssKB=2660492 paf=2419796
[2026-07-29 08:39:54] START cpp_10x
[2026-07-29 08:53:28] END   cpp_10x rc=0 wall=13:33.60 rssKB=19769404 paf=2419796
[2026-07-29 08:53:28] START rs_10x_t64
[2026-07-29 08:54:15] END   rs_10x_t64 rc=0 wall=0:47.40 rssKB=7913248 paf=0
[2026-07-29 08:54:30] CHECK 10x memo output IDENTICAL
[2026-07-29 08:54:30] TIER 10x complete
[2026-07-29 08:54:30] START rs_13x
[2026-07-29 09:03:50] END   rs_13x rc=0 wall=9:19.46 rssKB=2055416 paf=3161136
[2026-07-29 09:03:50] START rs_13x_nomemo
[2026-07-29 09:14:04] END   rs_13x_nomemo rc=0 wall=10:13.55 rssKB=2056096 paf=3161136
[2026-07-29 09:14:04] START cpp_13x
[2026-07-29 09:31:44] END   cpp_13x rc=0 wall=17:39.39 rssKB=19769852 paf=3161136
[2026-07-29 09:31:44] START rs_13x_t64
[2026-07-29 09:32:42] END   rs_13x_t64 rc=0 wall=0:58.47 rssKB=9068008 paf=0
[2026-07-29 09:33:02] CHECK 13x memo output IDENTICAL
[2026-07-29 09:33:02] TIER 13x complete
[2026-07-29 09:33:02] ALL RUNS DONE
