Containment w24k t=1 wall=0:38.75 rssKB=2190576 mapped=125000
Containment w24k t=2 wall=0:25.43 rssKB=2042032 mapped=125000
Containment w24k t=4 wall=0:16.44 rssKB=2159976 mapped=125000
Containment w24k t=8 wall=0:11.08 rssKB=2331484 mapped=125000
Containment w24k t=16 wall=0:08.29 rssKB=2386064 mapped=125000
Containment w24k t=32 wall=0:08.58 rssKB=2572044 mapped=125000
Containment w24k t=64 wall=0:09.22 rssKB=2804844 mapped=125000
Containment w24k: IDENTICAL across thread counts
Containment hifi1x t=1 wall=0:54.38 rssKB=1965764 mapped=241991
Containment hifi1x t=2 wall=0:35.95 rssKB=2112164 mapped=241991
Containment hifi1x t=4 wall=0:21.39 rssKB=2288908 mapped=241991
Containment hifi1x t=8 wall=0:13.49 rssKB=2579320 mapped=241991
Containment hifi1x t=16 wall=0:11.69 rssKB=3193068 mapped=241991
Containment hifi1x t=32 wall=0:11.86 rssKB=3917992 mapped=241991
Containment hifi1x t=64 wall=0:11.68 rssKB=5003108 mapped=241991
Containment hifi1x: IDENTICAL across thread counts
Containment hifi10x t=1 wall=7:03.06 rssKB=2132612 mapped=2419796
Containment hifi10x t=2 wall=3:55.68 rssKB=2111292 mapped=2419796
Containment hifi10x t=4 wall=2:16.11 rssKB=2259216 mapped=2419796
Containment hifi10x t=8 wall=1:13.37 rssKB=2740924 mapped=2419796
Containment hifi10x t=16 wall=0:45.45 rssKB=5179340 mapped=2419796
Containment hifi10x t=32 wall=0:43.41 rssKB=8044720 mapped=2419796
Containment hifi10x t=64 wall=0:45.54 rssKB=9106084 mapped=2419796
Containment hifi10x: IDENTICAL across thread counts
Jaccard w24k t=1 wall=0:50.79 rssKB=2100904 mapped=125000
Jaccard w24k t=2 wall=0:31.24 rssKB=2041188 mapped=125000
Jaccard w24k t=4 wall=0:20.11 rssKB=2074520 mapped=125000
Jaccard w24k t=8 wall=0:12.33 rssKB=2463288 mapped=125000
Jaccard w24k t=16 wall=0:09.00 rssKB=2324700 mapped=125000
Jaccard w24k t=32 wall=0:08.44 rssKB=2614008 mapped=125000
Jaccard w24k t=64 wall=0:09.01 rssKB=2840288 mapped=125000
Jaccard w24k: IDENTICAL across thread counts
Jaccard hifi1x t=1 wall=1:07.02 rssKB=1909720 mapped=241265
Jaccard hifi1x t=2 wall=0:40.30 rssKB=2096892 mapped=241265
Jaccard hifi1x t=4 wall=0:23.94 rssKB=2213648 mapped=241265
Jaccard hifi1x t=8 wall=0:14.90 rssKB=2613192 mapped=241265
Jaccard hifi1x t=16 wall=0:11.37 rssKB=3152020 mapped=241265
Jaccard hifi1x t=32 wall=0:10.47 rssKB=4210676 mapped=241265
Jaccard hifi1x t=64 wall=0:11.91 rssKB=4898096 mapped=241265
Jaccard hifi1x: IDENTICAL across thread counts
Jaccard hifi10x t=1 wall=9:32.59 rssKB=2189840 mapped=2411461
Jaccard hifi10x t=2 wall=5:00.94 rssKB=2149012 mapped=2411461
Jaccard hifi10x t=4 wall=2:56.32 rssKB=2286960 mapped=2411461
Jaccard hifi10x t=8 wall=1:32.63 rssKB=2789576 mapped=2411461
Jaccard hifi10x t=16 wall=0:51.51 rssKB=3488940 mapped=2411461
Jaccard hifi10x t=32 wall=0:42.00 rssKB=8484932 mapped=2411461
Jaccard hifi10x t=64 wall=0:44.09 rssKB=8704848 mapped=2411461
Jaccard hifi10x: IDENTICAL across thread counts
bucket_SH w24k t=1 wall=0:35.78 rssKB=1903200 mapped=125000
bucket_SH w24k t=2 wall=0:23.46 rssKB=2052352 mapped=125000
bucket_SH w24k t=4 wall=0:16.64 rssKB=2118548 mapped=125000
bucket_SH w24k t=8 wall=0:10.27 rssKB=2394156 mapped=125000
bucket_SH w24k t=16 wall=0:08.87 rssKB=2568564 mapped=125000
bucket_SH w24k t=32 wall=0:09.04 rssKB=2625936 mapped=125000
bucket_SH w24k t=64 wall=0:09.23 rssKB=2805768 mapped=125000
bucket_SH w24k: IDENTICAL across thread counts
bucket_SH hifi1x t=1 wall=0:46.18 rssKB=2190564 mapped=242050
bucket_SH hifi1x t=2 wall=0:28.92 rssKB=2076484 mapped=242050
bucket_SH hifi1x t=4 wall=0:19.82 rssKB=2259400 mapped=242050
bucket_SH hifi1x t=8 wall=0:11.97 rssKB=2665188 mapped=242050
bucket_SH hifi1x t=16 wall=0:09.51 rssKB=3409892 mapped=242050
bucket_SH hifi1x t=32 wall=0:11.84 rssKB=3972768 mapped=242050
bucket_SH hifi1x t=64 wall=0:12.30 rssKB=4936076 mapped=242050
bucket_SH hifi1x: IDENTICAL across thread counts
bucket_SH hifi10x t=1 wall=5:58.22 rssKB=2093204 mapped=2420331
bucket_SH hifi10x t=2 wall=3:13.64 rssKB=2067464 mapped=2420331
bucket_SH hifi10x t=4 wall=1:57.67 rssKB=2363284 mapped=2420331
bucket_SH hifi10x t=8 wall=1:03.15 rssKB=2773136 mapped=2420331
bucket_SH hifi10x t=16 wall=0:45.01 rssKB=7160372 mapped=2420331
bucket_SH hifi10x t=32 wall=0:44.44 rssKB=7772472 mapped=2420331
bucket_SH hifi10x t=64 wall=0:46.54 rssKB=9891892 mapped=2420331
bucket_SH hifi10x: IDENTICAL across thread counts
SWEEPMETRICS DONE
